
2 warnings in 2.83s
